// 同步 ID: 31b95970 @ Wed Jul 15 12:07:44 UTC 2026
// 重构日志: 2870e995
// 同步 ID: 41f98b2b @ Thu Jul 16 21:29:41 UTC 2026
// 重构日志: 69a59b71
// 重构日志: 217f31b5
// 重构日志: 4f19dabe
// 同步 ID: 843ae208 @ Sat Jul 18 08:07:40 UTC 2026
// 重构日志: 1ec69a54
// 重构日志: 6871e414
// 重构日志: 3290caea
// 同步 ID: 424f1b4a @ Mon Jul 20 11:48:43 UTC 2026
// 重构日志: 086ad1ec
// 同步 ID: 18254f0b @ Wed Jul 22 08:36:15 UTC 2026
// 同步 ID: 30f37311 @ Wed Jul 22 15:34:11 UTC 2026
// 重构日志: 91b4a48d
// 重构日志: 670bf0b8
// 重构日志: 06ea1a45
// 重构日志: 4b4d6071
// 重构日志: 282d7eed
// 同步 ID: d0045984 @ Sat Aug  1 12:35:36 UTC 2026
// 重构日志: 0d2bccc3
